------------------------------------------------------------
Timing Analyzer Summary
------------------------------------------------------------

Type  : Slow 1100mV 85C Model Setup 'clk'
Slack : -2.270
TNS   : -99.229

Type  : Slow 1100mV 85C Model Hold 'clk'
Slack : 0.288
TNS   : 0.000

Type  : Slow 1100mV 85C Model Recovery 'clk'
Slack : -1.493
TNS   : -45.409

Type  : Slow 1100mV 85C Model Removal 'clk'
Slack : 1.010
TNS   : 0.000

Type  : Slow 1100mV 85C Model Minimum Pulse Width 'clk'
Slack : -0.394
TNS   : -33.855

Type  : Slow 1100mV 0C Model Setup 'clk'
Slack : -2.285
TNS   : -98.857

Type  : Slow 1100mV 0C Model Hold 'clk'
Slack : 0.273
TNS   : 0.000

Type  : Slow 1100mV 0C Model Recovery 'clk'
Slack : -1.485
TNS   : -44.176

Type  : Slow 1100mV 0C Model Removal 'clk'
Slack : 0.952
TNS   : 0.000

Type  : Slow 1100mV 0C Model Minimum Pulse Width 'clk'
Slack : -0.394
TNS   : -36.812

Type  : Fast 1100mV 85C Model Setup 'clk'
Slack : -0.897
TNS   : -30.482

Type  : Fast 1100mV 85C Model Hold 'clk'
Slack : 0.172
TNS   : 0.000

Type  : Fast 1100mV 85C Model Recovery 'clk'
Slack : -0.337
TNS   : -9.300

Type  : Fast 1100mV 85C Model Removal 'clk'
Slack : 0.566
TNS   : 0.000

Type  : Fast 1100mV 85C Model Minimum Pulse Width 'clk'
Slack : -0.082
TNS   : -5.087

Type  : Fast 1100mV 0C Model Setup 'clk'
Slack : -0.767
TNS   : -24.251

Type  : Fast 1100mV 0C Model Hold 'clk'
Slack : 0.156
TNS   : 0.000

Type  : Fast 1100mV 0C Model Recovery 'clk'
Slack : -0.251
TNS   : -6.291

Type  : Fast 1100mV 0C Model Removal 'clk'
Slack : 0.506
TNS   : 0.000

Type  : Fast 1100mV 0C Model Minimum Pulse Width 'clk'
Slack : -0.080
TNS   : -4.988

------------------------------------------------------------
