------------------------------------------------------------
Timing Analyzer Summary
------------------------------------------------------------

Type  : Slow 1100mV 85C Model Setup 'clk'
Slack : -2.211
TNS   : -82.862

Type  : Slow 1100mV 85C Model Setup 'start'
Slack : -0.546
TNS   : -0.546

Type  : Slow 1100mV 85C Model Hold 'clk'
Slack : 0.366
TNS   : 0.000

Type  : Slow 1100mV 85C Model Hold 'start'
Slack : 0.581
TNS   : 0.000

Type  : Slow 1100mV 85C Model Recovery 'clk'
Slack : -0.885
TNS   : -20.227

Type  : Slow 1100mV 85C Model Removal 'clk'
Slack : 0.761
TNS   : 0.000

Type  : Slow 1100mV 85C Model Minimum Pulse Width 'start'
Slack : -0.472
TNS   : -0.866

Type  : Slow 1100mV 85C Model Minimum Pulse Width 'clk'
Slack : -0.394
TNS   : -25.314

Type  : Slow 1100mV 0C Model Setup 'clk'
Slack : -2.168
TNS   : -81.709

Type  : Slow 1100mV 0C Model Setup 'start'
Slack : -0.542
TNS   : -0.542

Type  : Slow 1100mV 0C Model Hold 'clk'
Slack : 0.003
TNS   : 0.000

Type  : Slow 1100mV 0C Model Hold 'start'
Slack : 0.564
TNS   : 0.000

Type  : Slow 1100mV 0C Model Recovery 'clk'
Slack : -0.827
TNS   : -19.322

Type  : Slow 1100mV 0C Model Removal 'clk'
Slack : 0.709
TNS   : 0.000

Type  : Slow 1100mV 0C Model Minimum Pulse Width 'start'
Slack : -0.510
TNS   : -0.904

Type  : Slow 1100mV 0C Model Minimum Pulse Width 'clk'
Slack : -0.394
TNS   : -27.953

Type  : Fast 1100mV 85C Model Setup 'clk'
Slack : -0.847
TNS   : -28.598

Type  : Fast 1100mV 85C Model Setup 'start'
Slack : -0.022
TNS   : -0.022

Type  : Fast 1100mV 85C Model Hold 'clk'
Slack : 0.105
TNS   : 0.000

Type  : Fast 1100mV 85C Model Hold 'start'
Slack : 0.296
TNS   : 0.000

Type  : Fast 1100mV 85C Model Recovery 'clk'
Slack : -0.078
TNS   : -0.311

Type  : Fast 1100mV 85C Model Removal 'clk'
Slack : 0.426
TNS   : 0.000

Type  : Fast 1100mV 85C Model Minimum Pulse Width 'start'
Slack : -0.506
TNS   : -0.665

Type  : Fast 1100mV 85C Model Minimum Pulse Width 'clk'
Slack : -0.084
TNS   : -3.844

Type  : Fast 1100mV 0C Model Setup 'clk'
Slack : -0.713
TNS   : -23.135

Type  : Fast 1100mV 0C Model Setup 'start'
Slack : 0.014
TNS   : 0.000

Type  : Fast 1100mV 0C Model Hold 'clk'
Slack : -0.103
TNS   : -1.893

Type  : Fast 1100mV 0C Model Hold 'start'
Slack : 0.264
TNS   : 0.000

Type  : Fast 1100mV 0C Model Recovery 'clk'
Slack : 0.000
TNS   : 0.000

Type  : Fast 1100mV 0C Model Removal 'clk'
Slack : 0.385
TNS   : 0.000

Type  : Fast 1100mV 0C Model Minimum Pulse Width 'start'
Slack : -0.516
TNS   : -0.693

Type  : Fast 1100mV 0C Model Minimum Pulse Width 'clk'
Slack : -0.080
TNS   : -3.752

------------------------------------------------------------
