------------------------------------------------------------
Timing Analyzer Summary
------------------------------------------------------------

Type  : Slow 1100mV 85C Model Setup 'clk'
Slack : -2.451
TNS   : -55.370

Type  : Slow 1100mV 85C Model Setup 'g90_clock_divider:clock_divider|en_out'
Slack : -1.289
TNS   : -17.554

Type  : Slow 1100mV 85C Model Hold 'clk'
Slack : 0.369
TNS   : 0.000

Type  : Slow 1100mV 85C Model Hold 'g90_clock_divider:clock_divider|en_out'
Slack : 0.768
TNS   : 0.000

Type  : Slow 1100mV 85C Model Minimum Pulse Width 'clk'
Slack : -0.485
TNS   : -16.710

Type  : Slow 1100mV 85C Model Minimum Pulse Width 'g90_clock_divider:clock_divider|en_out'
Slack : -0.394
TNS   : -7.718

Type  : Slow 1100mV 0C Model Setup 'clk'
Slack : -2.611
TNS   : -55.541

Type  : Slow 1100mV 0C Model Setup 'g90_clock_divider:clock_divider|en_out'
Slack : -1.255
TNS   : -16.805

Type  : Slow 1100mV 0C Model Hold 'clk'
Slack : 0.373
TNS   : 0.000

Type  : Slow 1100mV 0C Model Hold 'g90_clock_divider:clock_divider|en_out'
Slack : 0.735
TNS   : 0.000

Type  : Slow 1100mV 0C Model Minimum Pulse Width 'clk'
Slack : -0.470
TNS   : -17.538

Type  : Slow 1100mV 0C Model Minimum Pulse Width 'g90_clock_divider:clock_divider|en_out'
Slack : -0.394
TNS   : -7.651

Type  : Fast 1100mV 85C Model Setup 'clk'
Slack : -1.078
TNS   : -19.922

Type  : Fast 1100mV 85C Model Setup 'g90_clock_divider:clock_divider|en_out'
Slack : -0.672
TNS   : -8.451

Type  : Fast 1100mV 85C Model Hold 'clk'
Slack : 0.199
TNS   : 0.000

Type  : Fast 1100mV 85C Model Hold 'g90_clock_divider:clock_divider|en_out'
Slack : 0.325
TNS   : 0.000

Type  : Fast 1100mV 85C Model Minimum Pulse Width 'clk'
Slack : -0.461
TNS   : -3.330

Type  : Fast 1100mV 85C Model Minimum Pulse Width 'g90_clock_divider:clock_divider|en_out'
Slack : 0.115
TNS   : 0.000

Type  : Fast 1100mV 0C Model Setup 'clk'
Slack : -1.011
TNS   : -17.013

Type  : Fast 1100mV 0C Model Setup 'g90_clock_divider:clock_divider|en_out'
Slack : -0.538
TNS   : -6.721

Type  : Fast 1100mV 0C Model Hold 'clk'
Slack : 0.189
TNS   : 0.000

Type  : Fast 1100mV 0C Model Hold 'g90_clock_divider:clock_divider|en_out'
Slack : 0.291
TNS   : 0.000

Type  : Fast 1100mV 0C Model Minimum Pulse Width 'clk'
Slack : -0.430
TNS   : -3.215

Type  : Fast 1100mV 0C Model Minimum Pulse Width 'g90_clock_divider:clock_divider|en_out'
Slack : 0.126
TNS   : 0.000

------------------------------------------------------------
