------------------------------------------------------------
Timing Analyzer Summary
------------------------------------------------------------

Type  : Slow 1100mV 85C Model Setup 'g56_clock_divider:clock_divider|en_out_temp'
Slack : -4.050
TNS   : -76.664

Type  : Slow 1100mV 85C Model Setup 'clk'
Slack : -3.118
TNS   : -151.878

Type  : Slow 1100mV 85C Model Hold 'clk'
Slack : 0.368
TNS   : 0.000

Type  : Slow 1100mV 85C Model Hold 'g56_clock_divider:clock_divider|en_out_temp'
Slack : 0.585
TNS   : 0.000

Type  : Slow 1100mV 85C Model Recovery 'g56_clock_divider:clock_divider|en_out_temp'
Slack : -3.416
TNS   : -82.440

Type  : Slow 1100mV 85C Model Removal 'g56_clock_divider:clock_divider|en_out_temp'
Slack : 2.389
TNS   : 0.000

Type  : Slow 1100mV 85C Model Minimum Pulse Width 'clk'
Slack : -0.394
TNS   : -31.963

Type  : Slow 1100mV 85C Model Minimum Pulse Width 'g56_clock_divider:clock_divider|en_out_temp'
Slack : -0.394
TNS   : -14.504

Type  : Slow 1100mV 0C Model Setup 'g56_clock_divider:clock_divider|en_out_temp'
Slack : -4.186
TNS   : -78.111

Type  : Slow 1100mV 0C Model Setup 'clk'
Slack : -3.213
TNS   : -147.531

Type  : Slow 1100mV 0C Model Hold 'clk'
Slack : 0.131
TNS   : 0.000

Type  : Slow 1100mV 0C Model Hold 'g56_clock_divider:clock_divider|en_out_temp'
Slack : 0.571
TNS   : 0.000

Type  : Slow 1100mV 0C Model Recovery 'g56_clock_divider:clock_divider|en_out_temp'
Slack : -3.480
TNS   : -84.956

Type  : Slow 1100mV 0C Model Removal 'g56_clock_divider:clock_divider|en_out_temp'
Slack : 2.496
TNS   : 0.000

Type  : Slow 1100mV 0C Model Minimum Pulse Width 'clk'
Slack : -0.394
TNS   : -34.367

Type  : Slow 1100mV 0C Model Minimum Pulse Width 'g56_clock_divider:clock_divider|en_out_temp'
Slack : -0.394
TNS   : -14.462

Type  : Fast 1100mV 85C Model Setup 'clk'
Slack : -1.995
TNS   : -68.142

Type  : Fast 1100mV 85C Model Setup 'g56_clock_divider:clock_divider|en_out_temp'
Slack : -1.954
TNS   : -35.049

Type  : Fast 1100mV 85C Model Hold 'clk'
Slack : 0.137
TNS   : 0.000

Type  : Fast 1100mV 85C Model Hold 'g56_clock_divider:clock_divider|en_out_temp'
Slack : 0.306
TNS   : 0.000

Type  : Fast 1100mV 85C Model Recovery 'g56_clock_divider:clock_divider|en_out_temp'
Slack : -1.574
TNS   : -37.229

Type  : Fast 1100mV 85C Model Removal 'g56_clock_divider:clock_divider|en_out_temp'
Slack : 1.141
TNS   : 0.000

Type  : Fast 1100mV 85C Model Minimum Pulse Width 'clk'
Slack : -0.405
TNS   : -5.287

Type  : Fast 1100mV 85C Model Minimum Pulse Width 'g56_clock_divider:clock_divider|en_out_temp'
Slack : 0.041
TNS   : 0.000

Type  : Fast 1100mV 0C Model Setup 'g56_clock_divider:clock_divider|en_out_temp'
Slack : -1.910
TNS   : -33.800

Type  : Fast 1100mV 0C Model Setup 'clk'
Slack : -1.515
TNS   : -57.053

Type  : Fast 1100mV 0C Model Hold 'clk'
Slack : -0.068
TNS   : -0.106

Type  : Fast 1100mV 0C Model Hold 'g56_clock_divider:clock_divider|en_out_temp'
Slack : 0.275
TNS   : 0.000

Type  : Fast 1100mV 0C Model Recovery 'g56_clock_divider:clock_divider|en_out_temp'
Slack : -1.532
TNS   : -36.693

Type  : Fast 1100mV 0C Model Removal 'g56_clock_divider:clock_divider|en_out_temp'
Slack : 1.140
TNS   : 0.000

Type  : Fast 1100mV 0C Model Minimum Pulse Width 'clk'
Slack : -0.392
TNS   : -5.160

Type  : Fast 1100mV 0C Model Minimum Pulse Width 'g56_clock_divider:clock_divider|en_out_temp'
Slack : 0.063
TNS   : 0.000

------------------------------------------------------------
